sudo yum install git
mkdir niki
cd niki/
git init
echo "iloveubhavani" b
git add --all
git commit -m "first"
git log
git log 
git commit -m "first commit"
git add --all
git commit -m "first"
git log
git init
echo "ilove u bhavani" >> a
git add --all
git commit -m "first"
git log
https://github.com/ravalikabhanu/gitbash.git
git push -u origin master
https://github.com/ravalikabhanu/gitbash.git
git remote add origin https://github.com/ravalikabhanu/gitbash.git
git push -u origin master
user@DESKTOP-8OI6BKD MINGW64 ~/Downloads (master)
$ ssh -i 55.pem ec2-user@54.84.216.28
The authenticity of host '54.84.216.28 (54.84.216.28)' can't be established.
ED25519 key fingerprint is SHA256:k/j7W0s3M8bnTJCrjmXKVWD//0+7HLP/b3Roq/tNJt4.
This host key is known by the following other names/addresses:
    ~/.ssh/known_hosts:167: 44.212.74.226
Are you sure you want to continue connecting (yes/no/[fingerprint])? yes
Warning: Permanently added '54.84.216.28' (ED25519) to the list of known hosts.
   ,     #_
   ~\_  ####_        Amazon Linux 2023
  ~~  \_#####\
  ~~     \###|
  ~~       \#/ ___   https://aws.amazon.com/linux/amazon-linux-2023
   ~~       V~' '->
    ~~~         /
      ~~._.   _/
         _/ _/
       _/m/'
Last login: Tue Dec 26 04:25:15 2023 from 124.123.172.92
[ec2-user@ip-172-31-92-234 ~]$ git -v
git version 2.40.1
[ec2-user@ip-172-31-92-234 ~]$ ls -la
total 20
drwx------. 4 ec2-user ec2-user  122 Dec 26 04:15 .
drwxr-xr-x. 3 root     root       22 Dec 26 03:18 ..
-rw-------. 1 ec2-user ec2-user 1668 Dec 26 04:29 .bash_history
-rw-r--r--. 1 ec2-user ec2-user   18 Jan 28  2023 .bash_logout
-rw-r--r--. 1 ec2-user ec2-user  141 Jan 28  2023 .bash_profile
-rw-r--r--. 1 ec2-user ec2-user  492 Jan 28  2023 .bashrc
-rw-------. 1 ec2-user ec2-user   20 Dec 26 04:15 .lesshst
drwx------. 2 ec2-user ec2-user   48 Dec 26 04:01 .ssh
drwxr-xr-x. 3 ec2-user ec2-user   36 Dec 26 04:27 git
[ec2-user@ip-172-31-92-234 ~]$ mkdir sample
[ec2-user@ip-172-31-92-234 ~]$ echo client_loop: send disconnect: Connection reset by peer
user@DESKTOP-8OI6BKD MINGW64 ~/Downloads (master)
$ ssh -i 55.pem ec2-user@54.84.216.28
   ,     #_
   ~\_  ####_        Amazon Linux 2023
  ~~  \_#####  ~~     \###|
  ~~       \#/ ___   https://aws.amazon.com/linux/amazon-linux-2023
   ~~       V~' '->
    ~~~         /
      ~~._.   _/
         _/ _/
       _/m/'
Last login: Tue Dec 26 07:36:27 2023 from 124.123.172.92
[ec2-user@ip-172-31-92-234 ~]$ ls -la
total 20
drwx------. 5 ec2-user ec2-user  136 Dec 26 07:36 .
drwxr-xr-x. 3 root     root       22 Dec 26 03:18 ..
-rw-------. 1 ec2-user ec2-user 1668 Dec 26 04:29 .bash_history
-rw-r--r--. 1 ec2-user ec2-user   18 Jan 28  2023 .bash_logout
-rw-r--r--. 1 ec2-user ec2-user  141 Jan 28  2023 .bash_profile
-rw-r--r--. 1 ec2-user ec2-user  492 Jan 28  2023 .bashrc
-rw-------. 1 ec2-user ec2-user   20 Dec 26 04:15 .lesshst
drwx------. 2 ec2-user ec2-user   48 Dec 26 04:01 .ssh
drwxr-xr-x. 3 ec2-user ec2-user   36 Dec 26 04:27 git
drwxr-xr-x. 2 ec2-user ec2-user    6 Dec 26 07:36 sample
[ec2-user@ip-172-31-92-234 ~]$ cd sample/
[ec2-user@ip-172-31-92-234 sample]$ echo "i love mom dad" >> b
[ec2-user@ip-172-31-92-234 sample]$ git init
hint: Using 'master' as the name for the initial branch. This default branch name
hint: is subject to change. To configure the initial branch name to use in all
hint: of your new repositories, which will suppress this warning, call:
hint:
hint:   git config --global init.defaultBranch <name>
hint:
hint: Names commonly chosen instead of 'master' are 'main', 'trunk' and
hint: 'development'. The just-created branch can be renamed via this command:
hint:
hint:   git branch -m <name>
Initialized empty Git repository in /home/ec2-user/sample/.git/
[ec2-user@ip-172-31-92-234 sample]$ git add --all
[ec2-user@ip-172-31-92-234 sample]$ git commit -m "first"
[master (root-commit) e0c0c1a] first
 Committer: EC2 Default User <ec2-user@ip-172-31-92-234.ec2.internal>
Your name and email address were configured automatically based
on your username and hostname. Please check that they are accurate.
You can suppress this message by setting them explicitly. Run the
following command and follow the instructions in your editor to edit
your configuration file:

    git config --global --edit

After doing this, you may fix the identity used for this commit with:

    git commit --amend --reset-author

 1 file changed, 1 insertion(+)
 create mode 100644 b
[ec2-user@ip-172-31-92-234 sample]$ git log
commit e0c0c1a720cc43f028c48a5b0235cf3de66dfd9b (HEAD -> master)
Author: EC2 Default User <ec2-user@ip-172-31-92-234.ec2.internal>
Date:   Tue Dec 26 07:43:52 2023 +0000

    first
[ec2-user@ip-172-31-92-234 sample]$ https://github.com/ravalikabhanu/niki.git
-bash: https://github.com/ravalikabhanu/niki.git: No such file or directory
[ec2-user@ip-172-31-92-234 sample]$ fit remote -v
-bash: fit: command not found
[ec2-user@ip-172-31-92-234 sample]$ git remote -v
[ec2-user@ip-172-31-92-234 sample]$ https://github.com/ravalikabhanu/niki.git
-bash: https://github.com/ravalikabhanu/niki.git: No such file or directory
[ec2-user@ip-172-31-92-234 sample]$ git remote -v
[ec2-user@ip-172-31-92-234 sample]$ git push -u origin master
fatal: 'origin' does not appear to be a git repository
fatal: Could not read from remote repository.

Please make sure you have the correct access rights
and the repository exists.
[ec2-user@ip-172-31-92-234 sample]$ git log
commit e0c0c1a720cc43f028c48a5b0235cf3de66dfd9b (HEAD -> master)
Author: EC2 Default User <ec2-user@ip-172-31-92-234.ec2.internal>
Date:   Tue Dec 26 07:43:52 2023 +0000

    first
[ec2-user@ip-172-31-92-234 sample]$ cat b
i love mom dad
[ec2-user@ip-172-31-92-234 sample]$ git log
commit e0c0c1a720cc43f028c48a5b0235cf3de66dfd9b (HEAD -> master)
Author: EC2 Default User <ec2-user@ip-172-31-92-234.ec2.internal>
Date:   Tue Dec 26 07:43:52 2023 +0000

    first
[ec2-user@ip-172-31-92-234 sample]$ https://github.com/ravalikabhanu/niki.git
-bash: https://github.com/ravalikabhanu/niki.git: No such file or directory
[ec2-user@ip-172-31-92-234 sample]$ git remote -v
[ec2-user@ip-172-31-92-234 sample]$ https://github.com/ravalikabhanu/gitbash.git
-bash: https://github.com/ravalikabhanu/gitbash.git: No such file or directory
[ec2-user@ip-172-31-92-234 sample]$ git init
Reinitialized existing Git repository in /home/ec2-user/sample/.git/
[ec2-user@ip-172-31-92-234 sample]$ echo "good mrg" >> c
[ec2-user@ip-172-31-92-234 sample]$ git commit -m "second"
On branch master
Untracked files:
  (use "git add <file>..." to include in what will be committed)
        c

nothing added to commit but untracked files present (use "git add" to track)
[ec2-user@ip-172-31-92-234 sample]$ git log
commit e0c0c1a720cc43f028c48a5b0235cf3de66dfd9b (HEAD -> master)
Author: EC2 Default User <ec2-user@ip-172-31-92-234.ec2.internal>
Date:   Tue Dec 26 07:43:52 2023 +0000

    first
[ec2-user@ip-172-31-92-234 sample]$ cat c
good mrg
[ec2-user@ip-172-31-92-234 sample]$ https://github.com/ravalikabhanu/gitbash.git
-bash: https://github.com/ravalikabhanu/gitbash.git: No such file or directory
[ec2-user@ip-172-31-92-234 sample]$ git push -u origin master
fatal: 'origin' does not appear to be a git repository
fatal: Could not read from remote repository.

Please make sure you have the correct access rights
and the repository exists.
[ec2-user@ip-172-31-92-234 sample]$ git remote -v
[ec2-user@ip-172-31-92-234 sample]$
Broadcast message from root@ip-172-31-92-234.ec2.internal (Tue 2023-12-26 07:53:16 UTC):

The system will power off now!

Connection to 54.84.216.28 closed by remote host.
Connection to 54.84.216.28 closed.

user@DESKTOP-8OI6BKD MINGW64 ~/Downloads (master)
$ ssh -i 55.pem ec2-user@3.87.71.15
The authenticity of host '3.87.71.15 (3.87.71.15)' can't be established.
ED25519 key fingerprint is SHA256:ZqFawyM1UvgG0leaPodhi8kMF2a7lZmsm5UfAhiRm1E.
This key is not known by any other names.
Are you sure you want to continue connecting (yes/no/[fingerprint])? yes
Warning: Permanently added '3.87.71.15' (ED25519) to the list of known hosts.
   ,     #_
   ~\_  ####_        Amazon Linux 2023
  ~~  \_#####  ~~     \###|
  ~~       \#/ ___   https://aws.amazon.com/linux/amazon-linux-2023
   ~~       V~' '->
    ~~~         /
      ~~._.   _/
         _/ _/
       _/m/'
[ec2-user@ip-172-31-94-113 ~]$ sudo yum install git
Last metadata expiration check: 0:01:56 ago on Tue Dec 26 07:56:00 2023.
Dependencies resolved.
================================================================================
 Package             Arch      Version                     Repository      Size
================================================================================
Installing:
 git                 x86_64    2.40.1-1.amzn2023.0.1       amazonlinux     57 k
Installing dependencies:
 git-core            x86_64    2.40.1-1.amzn2023.0.1       amazonlinux    4.3 M
 git-core-doc        noarch    2.40.1-1.amzn2023.0.1       amazonlinux    2.6 M
 perl-Error          noarch    1:0.17029-5.amzn2023.0.2    amazonlinux     41 k
 perl-File-Find      noarch    1.37-477.amzn2023.0.6       amazonlinux     26 k
 perl-Git            noarch    2.40.1-1.amzn2023.0.1       amazonlinux     45 k
 perl-TermReadKey    x86_64    2.38-9.amzn2023.0.2         amazonlinux     36 k
 perl-lib            x86_64    0.65-477.amzn2023.0.6       amazonlinux     15 k

Transaction Summary
================================================================================
Install  8 Packages

Total download size: 7.1 M
Installed size: 34 M
Is this ok [y/N]: y
Downloading Packages:
(1/8): perl-lib-0.65-477.amzn2023.0.6.x86_64.rp 230 kB/s |  15 kB     00:00
(2/8): git-2.40.1-1.amzn2023.0.1.x86_64.rpm     3.2 MB/s |  57 kB     00:00
(3/8): git-core-2.40.1-1.amzn2023.0.1.x86_64.rp  33 MB/s | 4.3 MB     00:00
(4/8): perl-Error-0.17029-5.amzn2023.0.2.noarch 915 kB/s |  41 kB     00:00
(5/8): perl-TermReadKey-2.38-9.amzn2023.0.2.x86 254 kB/s |  36 kB     00:00
(6/8): perl-Git-2.40.1-1.amzn2023.0.1.noarch.rp 3.2 MB/s |  45 kB     00:00
(7/8): perl-File-Find-1.37-477.amzn2023.0.6.noa 1.7 MB/s |  26 kB     00:00
(8/8): git-core-doc-2.40.1-1.amzn2023.0.1.noarc  49 MB/s | 2.6 MB     00:00
--------------------------------------------------------------------------------
Total                                            27 MB/s | 7.1 MB     00:00
Running transaction check
Transaction check succeeded.
Running transaction test
Transaction test succeeded.
Running transaction
  Preparing        :                                                        1/1
  Installing       : git-core-2.40.1-1.amzn2023.0.1.x86_64                  1/8
  Installing       : git-core-doc-2.40.1-1.amzn2023.0.1.noarch              2/8
  Installing       : perl-File-Find-1.37-477.amzn2023.0.6.noarch            3/8
  Installing       : perl-Error-1:0.17029-5.amzn2023.0.2.noarch             4/8
  Installing       : perl-lib-0.65-477.amzn2023.0.6.x86_64                  5/8
  Installing       : perl-TermReadKey-2.38-9.amzn2023.0.2.x86_64            6/8
  Installing       : perl-Git-2.40.1-1.amzn2023.0.1.noarch                  7/8
  Installing       : git-2.40.1-1.amzn2023.0.1.x86_64                       8/8
  Running scriptlet: git-2.40.1-1.amzn2023.0.1.x86_64                       8/8
  Verifying        : git-core-2.40.1-1.amzn2023.0.1.x86_64                  1/8
  Verifying        : perl-TermReadKey-2.38-9.amzn2023.0.2.x86_64            2/8
  Verifying        : perl-lib-0.65-477.amzn2023.0.6.x86_64                  3/8
  Verifying        : git-2.40.1-1.amzn2023.0.1.x86_64                       4/8
  Verifying        : perl-Error-1:0.17029-5.amzn2023.0.2.noarch             5/8
  Verifying        : perl-Git-2.40.1-1.amzn2023.0.1.noarch                  6/8
  Verifying        : perl-File-Find-1.37-477.amzn2023.0.6.noarch            7/8
  Verifying        : git-core-doc-2.40.1-1.amzn2023.0.1.noarch              8/8

Installed:
  git-2.40.1-1.amzn2023.0.1.x86_64
  git-core-2.40.1-1.amzn2023.0.1.x86_64
  git-core-doc-2.40.1-1.amzn2023.0.1.noarch
  perl-Error-1:0.17029-5.amzn2023.0.2.noarch
  perl-File-Find-1.37-477.amzn2023.0.6.noarch
  perl-Git-2.40.1-1.amzn2023.0.1.noarch
  perl-TermReadKey-2.38-9.amzn2023.0.2.x86_64
  perl-lib-0.65-477.amzn2023.0.6.x86_64

Complete!
[ec2-user@ip-172-31-94-113 ~]$ mkdir niki
[ec2-user@ip-172-31-94-113 ~]$ cd niki/
[ec2-user@ip-172-31-94-113 niki]$ git init
hint: Using 'master' as the name for the initial branch. This default branch name
hint: is subject to change. To configure the initial branch name to use in all
hint: of your new repositories, which will suppress this warning, call:
hint:
hint:   git config --global init.defaultBranch <name>
hint:
hint: Names commonly chosen instead of 'master' are 'main', 'trunk' and
hint: 'development'. The just-created branch can be renamed via this command:
hint:
hint:   git branch -m <name>
Initialized empty Git repository in /home/ec2-user/niki/.git/
[ec2-user@ip-172-31-94-113 niki]$ echo "iloveubhavani" b
iloveubhavani b
[ec2-user@ip-172-31-94-113 niki]$ git add --all
[ec2-user@ip-172-31-94-113 niki]$ git commit -m "first"
On branch master

Initial commit

nothing to commit (create/copy files and use "git add" to track)
[ec2-user@ip-172-31-94-113 niki]$ git log
fatal: your current branch 'master' does not have any commits yet
[ec2-user@ip-172-31-94-113 niki]$ git log
fatal: your current branch 'master' does not have any commits yet
[ec2-user@ip-172-31-94-113 niki]$ git commit -m "first commit"
On branch master

Initial commit

nothing to commit (create/copy files and use "git add" to track)
[ec2-user@ip-172-31-94-113 niki]$ git add --all
[ec2-user@ip-172-31-94-113 niki]$ git commit -m "first"
On branch master

Initial commit

nothing to commit (create/copy files and use "git add" to track)
[ec2-user@ip-172-31-94-113 niki]$ git log
fatal: your current branch 'master' does not have any commits yet
[ec2-user@ip-172-31-94-113 niki]$
[ec2-user@ip-172-31-94-113 niki]$
[ec2-user@ip-172-31-94-113 niki]$
[ec2-user@ip-172-31-94-113 niki]$
[ec2-user@ip-172-31-94-113 niki]$
[ec2-user@ip-172-31-94-113 niki]$
[ec2-user@ip-172-31-94-113 niki]$
[ec2-user@ip-172-31-94-113 niki]$
[ec2-user@ip-172-31-94-113 niki]$
[ec2-user@ip-172-31-94-113 niki]$
[ec2-user@ip-172-31-94-113 niki]$
[ec2-user@ip-172-31-94-113 niki]$
[ec2-user@ip-172-31-94-113 niki]$
[ec2-user@ip-172-31-94-113 niki]$
[ec2-user@ip-172-31-94-113 niki]$
[ec2-user@ip-172-31-94-113 niki]$
[ec2-user@ip-172-31-94-113 niki]$
[ec2-user@ip-172-31-94-113 niki]$
[ec2-user@ip-172-31-94-113 niki]$
[ec2-user@ip-172-31-94-113 niki]$
[ec2-user@ip-172-31-94-113 niki]$
[ec2-user@ip-172-31-94-113 niki]$
[ec2-user@ip-172-31-94-113 niki]$
[ec2-user@ip-172-31-94-113 niki]$
[ec2-user@ip-172-31-94-113 niki]$
[ec2-user@ip-172-31-94-113 niki]$
[ec2-user@ip-172-31-94-113 niki]$
[ec2-user@ip-172-31-94-113 niki]$
[ec2-user@ip-172-31-94-113 niki]$
[ec2-user@ip-172-31-94-113 niki]$
[ec2-user@ip-172-31-94-113 niki]$
[ec2-user@ip-172-31-94-113 niki]$
[ec2-user@ip-172-31-94-113 niki]$ git init
Reinitialized existing Git repository in /home/ec2-user/niki/.git/
[ec2-user@ip-172-31-94-113 niki]$ echo "ilove u bhavani" >> a
[ec2-user@ip-172-31-94-113 niki]$ git add --all
[ec2-user@ip-172-31-94-113 niki]$ git commit -m "first"
[master (root-commit) 163ae27] first
 Committer: EC2 Default User <ec2-user@ip-172-31-94-113.ec2.internal>
Your name and email address were configured automatically based
on your username and hostname. Please check that they are accurate.
You can suppress this message by setting them explicitly. Run the
following command and follow the instructions in your editor to edit
your configuration file:

    git config --global --edit

After doing this, you may fix the identity used for this commit with:

    git commit --amend --reset-author

 1 file changed, 1 insertion(+)
 create mode 100644 a
[ec2-user@ip-172-31-94-113 niki]$ git log
commit 163ae27f52bcb28f1f37962dc9f3bcf058f1615a (HEAD -> master)
Author: EC2 Default User <ec2-user@ip-172-31-94-113.ec2.internal>
Date:   Tue Dec 26 08:06:31 2023 +0000

    first
[ec2-user@ip-172-31-94-113 niki]$ https://github.com/ravalikabhanu/gitbash.git
-bash: https://github.com/ravalikabhanu/gitbash.git: No such file or directory
[ec2-user@ip-172-31-94-113 niki]$ git push -u origin master
fatal: 'origin' does not appear to be a git repository
fatal: Could not read from remote repository.

Please make sure you have the correct access rights
and the repository exists.
[ec2-user@ip-172-31-94-113 niki]$ https://github.com/ravalikabhanu/gitbash.git
-bash: https://github.com/ravalikabhanu/gitbash.git: No such file or directory
[ec2-user@ip-172-31-94-113 niki]$ git remote add origin https://github.com/ravalikabhanu/gitbash.git
[ec2-user@ip-172-31-94-113 niki]$ git push -u origin master
Username for 'https://github.com': ravalikabhanu
Password for 'https://ravalikabhanu@github.com':
remote: Permission to ravalikabhanu/gitbash.git denied to ravalikabhanu.
fatal: unable to access 'https://github.com/ravalikabhanu/gitbash.git/': The requested URL returned error: 403
[ec2-user@ip-172-31-94-113 niki]$ git push -u origin master
Username for 'https://github.com': ravalikabhanu
Password for 'https://ravalikabhanu@github.com':
remote: Permission to ravalikabhanu/gitbash.git denied to ravalikabhanu.
fatal: unable to access 'https://github.com/ravalikabhanu/gitbash.git/': The requested URL returned error: 403
[ec2-user@ip-172-31-94-113 niki]$ git push -u origin master
Username for 'https://github.com': ravalikabhanu
Password for 'https://ravalikabhanu@github.com':
remote: Support for password authentication was removed on August 13, 2021.
remote: Please see https://docs.github.com/en/get-started/getting-started-with-git/about-remote-repositories#cloning-with-https-urls for information on currently recommended modes of authentication.
fatal: Authentication failed for 'https://github.com/ravalikabhanu/gitbash.git/'
[ec2-user@ip-172-31-94-113 niki]$ git push -u origin master
Username for 'https://github.com': ravalikabhanu
Password for 'https://ravalikabhanu@github.com':
remote: Support for password authentication was removed on August 13, 2021.
remote: Please see https://docs.github.com/en/get-started/getting-started-with-git/about-remote-repositories#cloning-with-https-urls for information on currently recommended modes of authentication.
fatal: Authentication failed for 'https://github.com/ravalikabhanu/gitbash.git/'
[ec2-user@ip-172-31-94-113 niki]$ git push -u origin master
Username for 'https://github.com': ravalikabhanu
Password for 'https://ravalikabhanu@github.com':
remote: Permission to ravalikabhanu/gitbash.git denied to ravalikabhanu.
fatal: unable to access 'https://github.com/ravalikabhanu/gitbash.git/': The requested URL returned error: 403
[ec2-user@ip-172-31-94-113 niki]$ git push -u origin master
Username for 'https://github.com': ravalikabhanu
Password for 'https://ravalikabhanu@github.com':
git push -u origin master
git remote -v
git push -u origin master
cat c
cat a
echo "i love u bhanuchander" >> a
git add --all
git commit -m "second"
git log
echo "ilove u hanvika" >> a
git commit -m "third"
git log
echo "i love u mom " a
cat a
git add --all
git commit -m "fourth"
git log
echo "ganesh" >> a
cat a
 git add --all
git commit -m "fifth"
git log
echo "math" >> a
git add --all
git commit -m "seventh"
git log
git remote add origin master https://github.com/ravalikabhanu/gitbash.git
git fetch -v
git remote -v
git push -u origin master
git config --global user.name "bhanu"
git config --global user.email "ravalikavasalamarri@gmail.com"
echo "ilove u deepa" >> a
git add --all
git commit -m "eighth"
git log
echo "ilove u sweety" >> a
git add --all
git commit -m "nineth"
git log
git clone https://github.com/ravalikabhanu/gitbash.git
git log
git config --global user. name "niki"
git config --global user .name "niki"
git config --global user.name "niki"
git config --global user.email "ravalikavasalamarri@gmail.com"
git clone https://github.com/ravalikabhanu/gitbash.git
ls
git log
git clone https://github.com/ravalikabhanu/gitbash.git
git log
git remote add origin https://github.com/ravalikabhanu/gitbash.git
git push -u origin master
git config --global user.name "niki"
git config --global user.email "ravalikavasalamarri@gmail.com"
git clone https://github.com/ravalikabhanu/gitbash.git
vi a
git log
git add --all
git commit -m "first line edited"
git push -u origin master
ls -la
cd niki/
git log
!
git config --global user . namee "nikitha"
git config --global user .namee "nikitha"
git config --global user .name "nikitha"
git config --global user. name "nikitha"
git config --global user.name "nikitha"
git config --global user.email "hanvikabhanu2@gmail.com"
git clone https://github.com/ravalikabhanu/gitbash.git
ls
git log
vi a
git add --all
git commit -m "second commit"
git push -u orgin master
git remote -v
git push -u origin master
ls
cd niki/
git pull
cat a
git pull
cat a
git log 
vi a
git add --al
git add --all
git commit -m "tenth"
git log
git status
git reset --soft HEAD^
git status
git log
cat a
git reset HEAD
cat a
git status
git checkout a
cat a
git reset --hard HEAD^
cat a
git reset -- soft HEAD^
git status
git reset HEAD
git checkout a
git log
cat a
git log
cat a
git reset -- soft HEAD^
git reset HEAD
git checkout a
cat a
git reset --soft HEAD^
git reset HEAD
git checkout a
cat a
git reset --soft HEAD^
git reset HEAD
git checkout a
cat a
git reset --hard HEAD^
cat a
git reset --soft HEAD^
git reset HEAD
git checkout a
cat a
git reset --hard HEAD^
cat a
echo "i love u momdad" >> a
git add --all
git commit -m "nineth"
git log
echo "i love u bhanu" >> a
git add --all
git commit -m "tenth"
git log
git push -u origin master
git remote -v
git push -u origin master
git pull
git push -u origin master
git push --help
git remote -v
git pull ...
git init
vi aa
vi a
git push -u origin master 
git pull -u origin master
git pull ...
git remote -v
git push -u origin master
git log
git status
git branch
git branch nikitha
git branch
git checkout nikitha
git branch
vi a
git add --all
git commit -m "commited in nikitha branch"
git status
git log
git checkout master
git branch
git merge nikitha
git checkout nikitha
vi sample
git add --all
git commit -m "second commit in a master"
ls
git checkout master
git remote add origin https://github.com/ravalikabhanu/branch.git
git remote -v
git remote add origin https://github.com/ravalikabhanu/branch.git
cd niki/
git remote -v
git oush -u origin master
git push -u origin master
git fetch
git pull
git fetch
git pull
cd ..
ls
mkdir new
cd new
git log
git init
echo "good mrg" >> d
git add --all
git commit -m "first"
git log
git remote add origin https://github.com/ravalikabhanu/branch.git
git push -u origin master
echo "ilove u mom" >> d
git log
git add --all
ls
cd new/
git log
git add --all
git commit -m "second"
git log
cat d
git log
echp "ilove momdad" >> d
echo "ilove momdad" >> d
git add --all
git commit -m "third"
git log
edcho "ilove ubhanu" d
echo "ilove ubhanu" d
git add --all
git commit -m "fourth"
git log
git commit -m "fourth"
cat d
echo "iloveurithvik" >> d
git add --all
git commit -m "fourth"
git log
echo "iloveuso much" >> d
git add --all
git commit -m "fifth"
git log
git push origin master
git branch
git branch bhanu
git branch
git checkout bhanu
git branch
vi d
git add --all
fit commit -m "commited in bhanu branch"
git commit -m "commited in bhanu branch"
git log
git checkout master
git log
git merge bhanu
git checkout bhanu
git branch
vi sample
git add --all
git commit -m "second commit in  master"
ls
git checkout master
git push -u origin master
git log
cd ..
ls
cd..
cd ..
ls
cd home/
ls
cd ec2-user/
ls
cd hanvika/
git init 
ls
echo "gffg" >> 1
git add --all
git commit -m "last"
git log
git push -u origin master
git pull --rebase origin master
git push -u origin master
git remote add origin git@github.com:ravalikabhanu/bhavani.git
git@github.com:ravalikabhanu/bhavani.git
git push -u origin master
git pull --rebase origin master
exit
cd hanvika/
git pull --rebase origin main
git pull --rebase origin master
git push -u origin master
cd hanvika/
ssh -keygen
ssh -gen
ssh -keygen -b 4096 -t rsa-f
ssh-keyhen
ssh-keygen
ls -la
ls  -la
ls -la
cd ..
ls -la
cd .ssh/
ls -la
cat id_rsa.pub
ls
cd hanvika/
git push -u origin hanvika
git remote -v
git push -u origin hanvika
ls
cd hanvika/
vi d
ls
cat 1
git log
echo "i want go to school again" 1
git add --ll
git commit -m "second "
git branch
git branch -d hanvika
git branch
git log
git add --all
git commit -m "second "
git log
git add --all
git commit -m "second"
git log
git init
git add --all
git commit -m "second"
git log
git branch
git init
echo "fngkjnfg" >> 1
git add --all
git commit -m "seconf"
git log
echo  "i love hanvika" >> 1
git add --all
git commit -m "third"
git branch bhanu
git checkout bhanu
git branch
vi 1
gid add --all
git add --all
git commit -m "commited in bhanu branch"
git log
git push -u origin master
git branch
vi hanvika
git add --all
git comit -m "file create"
git commit -m "file create"
git log
git push -u origin master
git checkout master
git branch
git push -u origin master
git remote -v
git push -u origin master
git pull
git branch
git push -u origin mastee
git push -u origin master
git push --help
git remote -v
git pull
git pull master
git pull
git push -u origin master
git push -u origin bhanu
git push -u origin master
git branch
git branch bhanu
git checkout bhanu
git push -u origin master
git remote add origin https://github.com/ravalikabhanu/bhavani.git
git oush -u origin master
git push -u origin master
git branch
git checkout master
git push -u origib
git push -u origin
ls
mkdir hanvika
cd hanvika/
git init
vi 1
git add --all
git commit -m "first"
git log
git branch
git branch hanvika
git checkout hanvika
git branch
vi 1
git add --all
git commit -m "committed in bharath branch"
git status
git log
git checkout master
git log
git merge hanvika
git checkout hanvika
vi sample
git add --all
git commit -m "second commit in master"
ls
git checkout master
git remote add origin https://github.com/ravalikabhanu/bhavani.git
git push -u origin master
git log
